---
http_interactions:
- request:
    method: put
    uri: https://pay-test-storage-tables.s3.eu-west-1.amazonaws.com/4ESwzsXa9hTF373MHqE5ZtBF
    body:
      encoding: UTF-8
      string: Something else entirely!
    headers:
      Accept-Encoding:
      - ''
      Amz-Sdk-Invocation-Id:
      - 88a8c6f0-30d6-426e-8887-566a4cff4f70
      Content-Md5:
      - sijgElrNmNQBpuz2xn8X7Q==
      Content-Type:
      - text/plain
      X-Amz-Meta-Foo:
      - baz
      Expect:
      - 100-continue
      User-Agent:
      - aws-sdk-ruby3/3.202.2 ua/2.1 api/s3#1.152.3 os/linux md/x86_64 lang/ruby#3.3.3
        md/3.3.3 m/A,D
      Host:
      - pay-test-storage-tables.s3.eu-west-1.amazonaws.com
      X-Amz-Date:
      - 20241224T110913Z
      X-Amz-Content-Sha256:
      - def6629d9a2dad4c0234ef217cf870ea14696c4ed16371aa9d1fe716a808238e
      Authorization:
      - AWS4-HMAC-SHA256 Credential=AKIA6KON22367AQZA463/20241224/eu-west-1/s3/aws4_request,
        SignedHeaders=amz-sdk-invocation-id;content-md5;content-type;host;x-amz-content-sha256;x-amz-date;x-amz-meta-foo,
        Signature=0bca4fda6a89671626fddb270615c66858cd5ae9fbe11c516c84295c5296d721
      Content-Length:
      - '24'
      Accept:
      - "*/*"
  response:
    status:
      code: 200
      message: OK
    headers:
      X-Amz-Id-2:
      - X0EWZtQLtcbrQlN70QnyhFlc5r9vfBdC87NhdhaIbrPQK48qN85MAIiL8KtXWmcwFuY+xhgwWic=
      X-Amz-Request-Id:
      - S8KKC6DYZKH1QDHD
      Date:
      - Tue, 24 Dec 2024 11:09:15 GMT
      X-Amz-Server-Side-Encryption:
      - AES256
      Etag:
      - '"b228e0125acd98d401a6ecf6c67f17ed"'
      Content-Length:
      - '0'
      Server:
      - AmazonS3
    body:
      encoding: UTF-8
      string: ''
  recorded_at: Tue, 24 Dec 2024 11:09:14 GMT
- request:
    method: get
    uri: https://pay-test-storage-tables.s3.eu-west-1.amazonaws.com/4ESwzsXa9hTF373MHqE5ZtBF?X-Amz-Algorithm=AWS4-HMAC-SHA256&X-Amz-Credential=AKIA6KON22367AQZA463/20241224/eu-west-1/s3/aws4_request&X-Amz-Date=20241224T110918Z&X-Amz-Expires=120&X-Amz-Signature=f66760bcb9cf5398d598f83b09cc7669490c679e36afec6818991cb6d4a0c63f&X-Amz-SignedHeaders=host&response-content-disposition=inline%3B%20filename=%22test.html%22%3B%20filename*=UTF-8%27%27test.html&response-content-type=text/html
    body:
      encoding: US-ASCII
      string: ''
    headers:
      Accept-Encoding:
      - gzip;q=1.0,deflate;q=0.6,identity;q=0.3
      Accept:
      - "*/*"
      User-Agent:
      - Ruby
      Host:
      - pay-test-storage-tables.s3.eu-west-1.amazonaws.com
  response:
    status:
      code: 200
      message: OK
    headers:
      X-Amz-Id-2:
      - 5k2BeLX8w4ycs49ieNhMnM4/VgDIREpgkQBYaZlhtFLbh/Gz56hrl8BhPrWTdZ+Nji7ff0UAx8Q=
      X-Amz-Request-Id:
      - 06D9AYYQTVX3W4MH
      Date:
      - Tue, 24 Dec 2024 11:09:20 GMT
      Last-Modified:
      - Tue, 24 Dec 2024 11:09:15 GMT
      Etag:
      - '"b228e0125acd98d401a6ecf6c67f17ed"'
      X-Amz-Server-Side-Encryption:
      - AES256
      X-Amz-Meta-Foo:
      - baz
      Content-Disposition:
      - inline; filename="test.html"; filename*=UTF-8''test.html
      Accept-Ranges:
      - bytes
      Content-Type:
      - text/html
      Content-Length:
      - '24'
      Server:
      - AmazonS3
    body:
      encoding: UTF-8
      string: Something else entirely!
  recorded_at: Tue, 24 Dec 2024 11:09:18 GMT
- request:
    method: delete
    uri: https://pay-test-storage-tables.s3.eu-west-1.amazonaws.com/4ESwzsXa9hTF373MHqE5ZtBF
    body:
      encoding: US-ASCII
      string: ''
    headers:
      Accept-Encoding:
      - ''
      Amz-Sdk-Invocation-Id:
      - 592ef528-d197-498b-b7d5-1be7790a9874
      User-Agent:
      - aws-sdk-ruby3/3.202.2 ua/2.1 api/s3#1.152.3 os/linux md/x86_64 lang/ruby#3.3.3
        md/3.3.3 m/A,D
      Host:
      - pay-test-storage-tables.s3.eu-west-1.amazonaws.com
      X-Amz-Date:
      - 20241224T110918Z
      X-Amz-Content-Sha256:
      - e3b0c44298fc1c149afbf4c8996fb92427ae41e4649b934ca495991b7852b855
      Authorization:
      - AWS4-HMAC-SHA256 Credential=AKIA6KON22367AQZA463/20241224/eu-west-1/s3/aws4_request,
        SignedHeaders=amz-sdk-invocation-id;host;x-amz-content-sha256;x-amz-date,
        Signature=dd706c794441028f5b660e356fb8a12a46edd931722b6cc8af1f39c96faa77f4
      Accept:
      - "*/*"
  response:
    status:
      code: 204
      message: No Content
    headers:
      X-Amz-Id-2:
      - xNnZPubWOZ8J1r7Q7frmJKvYpPVJbHdPxKi1jDkMdlJt3IdPmFZDfj0lWi35M7AT3ChCSR6mAMo=
      X-Amz-Request-Id:
      - 06DFT83WEH5FC77W
      Date:
      - Tue, 24 Dec 2024 11:09:20 GMT
      Server:
      - AmazonS3
    body:
      encoding: UTF-8
      string: ''
  recorded_at: Tue, 24 Dec 2024 11:09:18 GMT
recorded_with: VCR 6.2.0
